2021-03-11 22:34:55,664:INFO:flipkrat.py:Url hitted
2021-03-11 22:34:55,871:INFO:flipkrat.py:login popup handled
2021-03-11 22:34:56,219:INFO:flipkrat.py:Search begins
2021-03-11 22:34:59,039:INFO:flipkrat.py:Data saved in scrapper file
2021-03-11 22:35:58,120:INFO:flipkrat.py:Url hitted
2021-03-11 22:35:58,315:INFO:flipkrat.py:login popup handled
2021-03-11 22:35:58,591:INFO:flipkrat.py:Search begins
2021-03-11 22:36:01,400:INFO:flipkrat.py:Data saved in scrapper file
2021-03-11 22:36:23,309:INFO:flipkrat.py:Url hitted
2021-03-11 22:36:23,496:INFO:flipkrat.py:login popup handled
2021-03-11 22:36:23,770:INFO:flipkrat.py:Search begins
2021-03-11 22:36:33,418:INFO:flipkrat.py:Url hitted
2021-03-11 22:36:33,647:INFO:flipkrat.py:login popup handled
2021-03-11 22:36:34,002:INFO:flipkrat.py:Search begins
2021-03-11 22:36:36,914:INFO:flipkrat.py:Data saved in scrapper file
2021-03-11 22:37:59,845:INFO:flipkrat.py:Thread run completed
2021-03-12 18:10:07,996:INFO:flipkrat.py:Url hitted
2021-03-12 18:10:08,216:INFO:flipkrat.py:login popup handled
2021-03-12 18:10:08,649:INFO:flipkrat.py:Search begins for Nike
2021-03-12 18:10:15,835:INFO:flipkrat.py:Data saved in scrapper file
2021-03-12 18:21:17,976:INFO:flipkrat.py:Url hitted
2021-03-12 18:21:18,307:INFO:flipkrat.py:login popup handled
2021-03-12 18:21:18,661:INFO:flipkrat.py:Search begins for shorts
2021-03-12 18:21:45,120:INFO:flipkrat.py:Thread run completed
2021-03-12 18:51:46,598:INFO:flipkrat.py:Url hitted
2021-03-12 18:51:46,854:INFO:flipkrat.py:login popup handled
2021-03-12 18:51:47,148:INFO:flipkrat.py:Search begins for Nike
2021-03-12 18:51:52,934:INFO:flipkrat.py:Data saved in scrapper file
2021-03-12 18:59:13,412:INFO:flipkrat.py:Url hitted
2021-03-12 18:59:13,585:INFO:flipkrat.py:login popup handled
2021-03-12 18:59:13,871:INFO:flipkrat.py:Search begins for Nike
2021-03-12 18:59:20,027:INFO:flipkrat.py:Data saved in scrapper file
2021-03-12 19:05:39,138:INFO:flipkrat.py:Url hitted
2021-03-12 19:05:39,293:INFO:flipkrat.py:login popup handled
2021-03-12 19:05:39,627:INFO:flipkrat.py:Search begins for Saree
2021-03-12 19:05:45,435:INFO:flipkrat.py:Data saved in scrapper file
2021-03-12 19:48:30,551:INFO:flipkrat.py:Url hitted
2021-03-12 19:48:32,022:INFO:flipkrat.py:login popup handled
2021-03-12 19:48:33,971:INFO:flipkrat.py:Search begins for Nike
2021-03-12 19:48:39,271:INFO:flipkrat.py:Data saved in scrapper file
2021-03-12 19:52:16,469:INFO:flipkrat.py:Url hitted
2021-03-12 19:52:16,797:INFO:flipkrat.py:login popup handled
2021-03-12 19:52:17,244:INFO:flipkrat.py:Search begins for Nike
2021-03-12 19:52:19,627:INFO:flipkrat.py:Data saved in scrapper file
2021-03-12 22:38:31,082:INFO:flipkrat.py:Url hitted
2021-03-12 22:38:31,387:INFO:flipkrat.py:login popup handled
2021-03-12 22:38:31,835:INFO:flipkrat.py:Search begins for Nike
2021-03-12 22:38:38,080:INFO:flipkrat.py:Data saved in scrapper file
2023-03-16 17:36:21,855:INFO:flipkrat.py:Url hitted
2023-03-16 17:36:22,005:INFO:flipkrat.py:login popup handled
2023-03-16 17:36:22,323:INFO:flipkrat.py:Search begins for iphone
2023-03-16 19:45:13,292:INFO:flipkrat.py:Url hitted
2023-03-16 19:45:13,454:INFO:flipkrat.py:login popup handled
2023-03-16 19:45:13,817:INFO:flipkrat.py:Search begins for iphone
2023-03-16 19:52:51,524:INFO:flipkrat.py:Url hitted
2023-03-16 19:52:51,794:INFO:flipkrat.py:login popup handled
2023-03-16 19:52:52,123:INFO:flipkrat.py:Search begins for iphone7
2023-03-16 20:02:21,374:INFO:flipkrat.py:Url hitted
2023-03-16 20:02:21,542:INFO:flipkrat.py:login popup handled
2023-03-16 20:02:21,827:INFO:flipkrat.py:Search begins for iphone
2023-03-16 20:10:36,440:INFO:flipkrat.py:Url hitted
2023-03-16 20:10:36,581:INFO:flipkrat.py:login popup handled
2023-03-16 20:10:36,896:INFO:flipkrat.py:Search begins for iphone
2023-03-16 20:10:38,251:INFO:flipkrat.py:Thread run completed
2023-03-16 20:11:16,663:INFO:flipkrat.py:Url hitted
2023-03-16 20:11:16,841:INFO:flipkrat.py:login popup handled
2023-03-16 20:11:17,128:INFO:flipkrat.py:Search begins for iphone
2023-03-16 20:11:17,951:INFO:flipkrat.py:Thread run completed
2023-03-16 20:12:02,147:INFO:flipkrat.py:Url hitted
2023-03-16 20:12:02,362:INFO:flipkrat.py:login popup handled
2023-03-16 20:12:02,648:INFO:flipkrat.py:Search begins for iphone
2023-03-16 20:18:29,258:INFO:flipkrat.py:Url hitted
2023-03-16 20:18:29,460:INFO:flipkrat.py:login popup handled
2023-03-16 20:18:29,810:INFO:flipkrat.py:Search begins for iphone
2023-03-16 20:18:47,216:INFO:flipkrat.py:Thread run completed
2023-03-16 20:29:36,758:INFO:flipkrat.py:Url hitted
2023-03-16 20:29:37,095:INFO:flipkrat.py:login popup handled
2023-03-16 20:29:37,404:INFO:flipkrat.py:Search begins for iphone
2023-03-16 20:41:51,035:INFO:flipkrat.py:Url hitted
2023-03-16 20:41:51,233:INFO:flipkrat.py:login popup handled
2023-03-16 20:41:51,561:INFO:flipkrat.py:Search begins for iphone
2023-03-16 20:41:54,044:INFO:flipkrat.py:Data saved in scrapper file
2023-03-16 20:43:01,747:INFO:flipkrat.py:Url hitted
2023-03-16 20:43:01,901:INFO:flipkrat.py:login popup handled
2023-03-16 20:43:02,287:INFO:flipkrat.py:Search begins for samsung
2023-03-16 20:44:18,143:INFO:flipkrat.py:Thread run completed
2023-03-16 20:51:41,110:INFO:flipkrat.py:Url hitted
2023-03-16 20:51:41,254:INFO:flipkrat.py:login popup handled
2023-03-16 20:51:41,572:INFO:flipkrat.py:Search begins for samsung
2023-03-16 20:51:45,721:INFO:flipkrat.py:Data saved in scrapper file
2023-03-16 20:52:08,422:INFO:flipkrat.py:Url hitted
2023-03-16 20:52:08,579:INFO:flipkrat.py:login popup handled
2023-03-16 20:52:08,901:INFO:flipkrat.py:Search begins for samsung
2023-03-16 20:52:11,444:INFO:flipkrat.py:Data saved in scrapper file
2023-03-16 20:52:41,911:INFO:flipkrat.py:Url hitted
2023-03-16 20:52:42,069:INFO:flipkrat.py:login popup handled
2023-03-16 20:52:42,358:INFO:flipkrat.py:Search begins for dell
2023-03-16 20:59:09,699:INFO:flipkrat.py:Url hitted
2023-03-16 20:59:09,796:INFO:flipkrat.py:login popup handled
2023-03-16 20:59:10,164:INFO:flipkrat.py:Search begins for redmia3
2023-03-16 21:39:01,448:INFO:flipkrat.py:Url hitted
2023-03-16 21:39:01,583:INFO:flipkrat.py:login popup handled
2023-03-16 21:39:01,877:INFO:flipkrat.py:Search begins for redmia3
2023-03-16 21:39:05,744:INFO:flipkrat.py:Data saved in scrapper file
2023-03-16 21:40:43,753:INFO:flipkrat.py:Url hitted
2023-03-16 21:40:43,890:INFO:flipkrat.py:login popup handled
2023-03-16 21:40:44,154:INFO:flipkrat.py:Search begins for dell
2023-03-16 21:40:53,250:INFO:flipkrat.py:Data saved in scrapper file
2023-03-19 11:25:41,053:INFO:flipkrat.py:Url hitted
2023-03-19 11:25:41,256:INFO:flipkrat.py:login popup handled
2023-03-19 11:25:41,592:INFO:flipkrat.py:Search begins for iphone
2023-03-19 11:25:43,113:INFO:flipkrat.py:Data saved in scrapper file
2023-03-19 11:26:27,675:INFO:flipkrat.py:Url hitted
2023-03-19 11:26:27,857:INFO:flipkrat.py:login popup handled
2023-03-19 11:26:28,101:INFO:flipkrat.py:Search begins for iphone
2023-03-19 11:26:29,560:INFO:flipkrat.py:Data saved in scrapper file
2023-03-19 12:19:00,380:INFO:flipkrat.py:Url hitted
2023-03-19 12:19:00,546:INFO:flipkrat.py:login popup handled
2023-03-19 12:19:00,855:INFO:flipkrat.py:Search begins for mango
2023-03-19 12:19:46,698:INFO:flipkrat.py:Thread run completed
2023-03-19 12:21:05,904:INFO:flipkrat.py:Url hitted
2023-03-19 12:21:06,046:INFO:flipkrat.py:login popup handled
2023-03-19 12:21:06,265:INFO:flipkrat.py:Search begins for mango
2023-03-19 12:21:07,623:INFO:flipkrat.py:data saved in scrapper file
2023-03-19 12:21:31,541:INFO:flipkrat.py:Thread run completed
2023-03-19 12:22:06,379:INFO:flipkrat.py:Url hitted
2023-03-19 12:22:06,540:INFO:flipkrat.py:login popup handled
2023-03-19 12:22:06,749:INFO:flipkrat.py:Search begins for redmia3
2023-03-19 12:22:08,165:INFO:flipkrat.py:Data saved in scrapper file
2023-03-19 12:22:38,723:INFO:flipkrat.py:Url hitted
2023-03-19 12:22:38,866:INFO:flipkrat.py:login popup handled
2023-03-19 12:22:39,089:INFO:flipkrat.py:Search begins for mango
2023-03-19 12:22:42,386:INFO:flipkrat.py:data saved in scrapper file
2023-03-19 12:23:09,955:INFO:flipkrat.py:Thread run completed
2023-03-19 12:23:33,401:INFO:flipkrat.py:Url hitted
2023-03-19 12:23:33,536:INFO:flipkrat.py:login popup handled
2023-03-19 12:23:33,754:INFO:flipkrat.py:Search begins for mango
2023-03-19 12:23:35,275:INFO:flipkrat.py:Data saved in scrapper file
2023-03-19 14:16:44,772:INFO:flipkrat.py:Url hitted
2023-03-19 14:16:45,005:INFO:flipkrat.py:login popup handled
2023-03-19 14:16:45,309:INFO:flipkrat.py:Search begins for xyz
2023-03-19 14:17:17,482:INFO:flipkrat.py:Thread run completed
